C:\Users\20406\Desktop\Newnortheast-travel\src\main\java\com\example\travelservice\common\BusinessException.java
C:\Users\20406\Desktop\Newnortheast-travel\src\main\java\com\example\travelservice\service\PriceService.java
C:\Users\20406\Desktop\Newnortheast-travel\src\main\java\com\example\travelservice\common\filter\TraceIdFilter.java
C:\Users\20406\Desktop\Newnortheast-travel\src\main\java\com\example\travelservice\repository\PaymentRepository.java
C:\Users\20406\Desktop\Newnortheast-travel\src\main\java\com\example\travelservice\controller\BaseController.java
C:\Users\20406\Desktop\Newnortheast-travel\src\main\java\com\example\travelservice\common\exception\GlobalExceptionHandler.java
C:\Users\20406\Desktop\Newnortheast-travel\src\main\java\com\example\travelservice\application\TravelServiceApplication.java
C:\Users\20406\Desktop\Newnortheast-travel\src\main\java\com\example\travelservice\service\OrderService.java
C:\Users\20406\Desktop\Newnortheast-travel\src\main\java\com\example\travelservice\dto\request\CreatePaymentRequest.java
C:\Users\20406\Desktop\Newnortheast-travel\src\main\java\com\example\travelservice\common\ApiResponse.java
C:\Users\20406\Desktop\Newnortheast-travel\src\main\java\com\example\travelservice\dto\request\PaymentCallbackRequest.java
C:\Users\20406\Desktop\Newnortheast-travel\src\main\java\com\example\travelservice\entity\Order.java
C:\Users\20406\Desktop\Newnortheast-travel\src\main\java\com\example\travelservice\controller\PaymentController.java
C:\Users\20406\Desktop\Newnortheast-travel\src\main\java\com\example\travelservice\dto\response\CreateOrderResponse.java
C:\Users\20406\Desktop\Newnortheast-travel\src\main\java\com\example\travelservice\entity\Payment.java
C:\Users\20406\Desktop\Newnortheast-travel\src\main\java\com\example\travelservice\mapper\OrderMapper.java
C:\Users\20406\Desktop\Newnortheast-travel\src\main\java\com\example\travelservice\repository\OrderRepository.java
C:\Users\20406\Desktop\Newnortheast-travel\src\main\java\com\example\travelservice\dto\response\CreatePaymentResponse.java
C:\Users\20406\Desktop\Newnortheast-travel\src\main\java\com\example\travelservice\common\enums\OrderStatus.java
C:\Users\20406\Desktop\Newnortheast-travel\src\main\java\com\example\travelservice\mapper\PaymentMapper.java
C:\Users\20406\Desktop\Newnortheast-travel\src\main\java\com\example\travelservice\service\PaymentService.java
C:\Users\20406\Desktop\Newnortheast-travel\src\main\java\com\example\travelservice\common\ErrorCode.java
C:\Users\20406\Desktop\Newnortheast-travel\src\main\java\com\example\travelservice\dto\response\PaymentCallbackResponse.java
C:\Users\20406\Desktop\Newnortheast-travel\src\main\java\com\example\travelservice\common\enums\PayType.java
C:\Users\20406\Desktop\Newnortheast-travel\src\main\java\com\example\travelservice\config\MyMetaObjectHandler.java
C:\Users\20406\Desktop\Newnortheast-travel\src\main\java\com\example\travelservice\dto\request\CreateOrderRequest.java
C:\Users\20406\Desktop\Newnortheast-travel\src\main\java\com\example\travelservice\controller\OrderController.java
C:\Users\20406\Desktop\Newnortheast-travel\src\main\java\com\example\travelservice\common\enums\ProductType.java
C:\Users\20406\Desktop\Newnortheast-travel\src\main\java\com\example\travelservice\common\enums\PayStatus.java
